src/lib/github.ts(78,5): error TS2322: Type '{ url: string; sha: string; node_id: string; html_url: string; comments_url: string; commit: { url: string; author: { name?: string | undefined; email?: string | undefined; date?: string | undefined; } | null; ... 4 more ...; verification?: { ...; } | undefined; }; ... 4 more ...; files?: { ...; }[] | undefined; }[]' is not assignable to type 'GitHubCommit[]'.
  Type '{ url: string; sha: string; node_id: string; html_url: string; comments_url: string; commit: { url: string; author: { name?: string | undefined; email?: string | undefined; date?: string | undefined; } | null; ... 4 more ...; verification?: { ...; } | undefined; }; ... 4 more ...; files?: { ...; }[] | undefined; }' is not assignable to type 'GitHubCommit'.
    The types of 'commit.author' are incompatible between these types.
      Type '{ name?: string | undefined; email?: string | undefined; date?: string | undefined; } | null' is not assignable to type '{ name: string | null; email: string | null; date: string; } | null'.
        Type '{ name?: string | undefined; email?: string | undefined; date?: string | undefined; }' is not assignable to type '{ name: string | null; email: string | null; date: string; }'.
          Types of property 'name' are incompatible.
            Type 'string | undefined' is not assignable to type 'string | null'.
              Type 'undefined' is not assignable to type 'string | null'.
src/lib/github.ts(95,5): error TS2322: Type '{ url: string; sha: string; node_id: string; html_url: string; comments_url: string; commit: { url: string; author: { name?: string | undefined; email?: string | undefined; date?: string | undefined; } | null; ... 4 more ...; verification?: { ...; } | undefined; }; ... 4 more ...; files?: { ...; }[] | undefined; }[]' is not assignable to type 'GitHubCommit[]'.
  Type '{ url: string; sha: string; node_id: string; html_url: string; comments_url: string; commit: { url: string; author: { name?: string | undefined; email?: string | undefined; date?: string | undefined; } | null; ... 4 more ...; verification?: { ...; } | undefined; }; ... 4 more ...; files?: { ...; }[] | undefined; }' is not assignable to type 'GitHubCommit'.
    The types of 'commit.author' are incompatible between these types.
      Type '{ name?: string | undefined; email?: string | undefined; date?: string | undefined; } | null' is not assignable to type '{ name: string | null; email: string | null; date: string; } | null'.
        Type '{ name?: string | undefined; email?: string | undefined; date?: string | undefined; }' is not assignable to type '{ name: string | null; email: string | null; date: string; }'.
          Types of property 'name' are incompatible.
            Type 'string | undefined' is not assignable to type 'string | null'.
              Type 'undefined' is not assignable to type 'string | null'.
src/lib/llm.ts(251,9): error TS2741: Property 'suggested' is missing in type '{ version: string; reason: string; }' but required in type '{ suggested: string; reason: string; }'.
