src/app/api/mcp/route.ts(58,32): error TS2345: Argument of type 'null' is not assignable to parameter of type 'string | number'.
src/app/api/mcp/route.ts(112,28): error TS2345: Argument of type 'null' is not assignable to parameter of type 'string | number'.
src/lib/growthbook.ts(99,5): error TS2322: Type 'WidenPrimitives<T>' is not assignable to type 'T'.
  'T' could be instantiated with an arbitrary type which could be unrelated to 'WidenPrimitives<T>'.
src/lib/schemas.ts(49,22): error TS2554: Expected 2-3 arguments, but got 1.
src/lib/schemas.ts(90,45): error TS2554: Expected 2-3 arguments, but got 1.
src/lib/schemas.ts(103,30): error TS2339: Property 'errors' does not exist on type 'ZodError<T>'.
src/lib/schemas.ts(103,42): error TS7006: Parameter 'e' implicitly has an 'any' type.
